Time Elapsed 00:00:06.74
