Time Elapsed 00:00:02.46
